export const snapshot = {};

snapshot[`code_hightlight plugin 1`] = `2`;

snapshot[`code_hightlight plugin 2`] = `
{
  formats: [
    {
      engine: true,
      key: ".tmpl.ts",
      pageLoader: [AsyncFunction: module],
      removeExtension: true,
    },
    {
      engine: true,
      key: ".tmpl.js",
      pageLoader: [AsyncFunction: module],
      removeExtension: true,
    },
    {
      engine: false,
      key: ".tmpl.json",
      pageLoader: [AsyncFunction: json],
      removeExtension: true,
    },
    {
      dataLoader: [AsyncFunction: json],
      engine: false,
      key: ".json",
    },
    {
      engine: true,
      key: ".md",
      pageLoader: [AsyncFunction: text],
      removeExtension: true,
    },
    {
      component: true,
      dataLoader: [AsyncFunction: module],
      engine: true,
      key: ".js",
      pageLoader: [AsyncFunction: module],
    },
    {
      component: true,
      dataLoader: [AsyncFunction: module],
      engine: true,
      key: ".ts",
      pageLoader: [AsyncFunction: module],
    },
    {
      component: true,
      engine: true,
      includesPath: "_includes",
      key: ".njk",
      pageLoader: [AsyncFunction: text],
      removeExtension: true,
    },
    {
      dataLoader: [AsyncFunction: yaml],
      engine: false,
      key: ".yaml",
      pageLoader: [AsyncFunction: yaml],
      removeExtension: true,
    },
    {
      dataLoader: [AsyncFunction: yaml],
      engine: false,
      key: ".yml",
      pageLoader: [AsyncFunction: yaml],
      removeExtension: true,
    },
  ],
}
`;

snapshot[`code_hightlight plugin 3`] = `
[
]
`;

snapshot[`code_hightlight plugin 4`] = `
{
  content: '<!DOCTYPE html>
<html><head></head><body><h1>Code highlight plugin testing</h1>
<pre><code class="language-html hljs language-xml"><span class="hljs-tag">&lt;<span class="hljs-name">p</span>&gt;</span>This is a HTML code<span class="hljs-tag">&lt;/<span class="hljs-name">p</span>&gt;</span>
</code></pre>
<pre><code>Not highlighted code
</code></pre>
<pre><code class="language-css hljs"><span class="hljs-selector-tag">p</span> {
  <span class="hljs-attribute">color</span>: red
}
</code></pre>
</body></html>',
  data: {
    content: "# Code highlight plugin testing

\`\`\`html
<p>This is a HTML code</p>
\`\`\`

\`\`\`
Not highlighted code
\`\`\`

\`\`\`css
p {
  color: red
}
\`\`\`
",
    date: 1970-01-01T00:00:00.000Z,
    paginate: [GeneratorFunction: paginate],
    search: Search {},
    tags: [
    ],
    url: "/",
  },
  dest: {
    ext: ".html",
    path: "/index",
  },
  src: {
    ext: ".md",
    path: "/index",
  },
}
`;

snapshot[`code_hightlight plugin 5`] = `
{
  content: '<!DOCTYPE html>
<html><head></head><body>
  <pre>Code inside a PRE</pre>
  <code>Code inside a CODE</code>
  <pre><code>Not highlighted code</code></pre>
  <pre class="language-css"><code class="hljs language-css"><span class="hljs-selector-tag">p</span> { <span class="hljs-attribute">display</span>: none }</code></pre>

</body></html>',
  data: {
    content: '<html>
<body>
  <pre>Code inside a PRE</pre>
  <code>Code inside a CODE</code>
  <pre><code>Not highlighted code</code></pre>
  <pre class="language-css"><code>p { display: none }</code></pre>
</body>
</html>',
    date: 1970-01-01T00:00:00.000Z,
    paginate: [GeneratorFunction: paginate],
    search: Search {},
    tags: [
    ],
    url: "/other/",
  },
  dest: {
    ext: ".html",
    path: "/other/index",
  },
  src: {
    ext: ".njk",
    path: "/other",
  },
}
`;
