export const snapshot = {};

snapshot[`build a site with eta 1`] = `1`;

snapshot[`build a site with eta 2`] = `\`{"src":{"path":"/index","ext":".eta"},"dest":{"path":"/index","ext":".html"},"data":{"search":{},"tags":[],"title":"Eta example","name":"Timothy","content":"<h1><%= name %>'s Eta source code!</h1>\\\\n\\\\n<%~ await includeFile(\\\\"footer\\\\", { name }) %>\\\\n<%~ await includeFile(\\\\"./_includes/footer\\\\", { name }) %>","date":"2021-12-22T00:11:50.789Z","url":"/","filters":{}},"content":"<!DOCTYPE html>\\\\n<html lang=\\\\"en\\\\">\\\\n<head>\\\\n  <meta charset=\\\\"utf-8\\\\">\\\\n  <meta name=\\\\"viewport\\\\" content=\\\\"width=device-width, initial-scale=1.0\\\\">\\\\n  <title>Eta example</title>\\\\n</head>\\\\n<body>\\\\n  <nav>\\\\n    <a href=\\\\"/blog/\\\\">Go to home</a>\\\\n  </nav>\\\\n  <h1>Timothy's Eta source code!</h1>\\\\n\\\\n<footer>This is a footer of Timothy</footer><footer>This is a footer of Timothy</footer></body>\\\\n</html>\\\\n"}\``;
