export const snapshot = {};

snapshot[`RSS plugin 1`] = `
{
  formats: [
    {
      engines: 1,
      ext: ".tmpl.ts",
      pageLoader: [AsyncFunction: module],
    },
    {
      engines: 1,
      ext: ".tmpl.js",
      pageLoader: [AsyncFunction: module],
    },
    {
      engines: undefined,
      ext: ".tmpl.jsonc",
      pageLoader: [AsyncFunction: json],
    },
    {
      engines: undefined,
      ext: ".tmpl.json",
      pageLoader: [AsyncFunction: json],
    },
    {
      dataLoader: [AsyncFunction: json],
      engines: undefined,
      ext: ".json",
    },
    {
      dataLoader: [AsyncFunction: json],
      engines: undefined,
      ext: ".jsonc",
    },
    {
      engines: 1,
      ext: ".md",
      pageLoader: [AsyncFunction: text],
    },
    {
      engines: 1,
      ext: ".markdown",
      pageLoader: [AsyncFunction: text],
    },
    {
      componentLoader: [AsyncFunction: module],
      dataLoader: [AsyncFunction: module],
      engines: 1,
      ext: ".js",
    },
    {
      componentLoader: [AsyncFunction: module],
      dataLoader: [AsyncFunction: module],
      engines: 1,
      ext: ".ts",
    },
    {
      componentLoader: [AsyncFunction: text],
      engines: 1,
      ext: ".njk",
      includesPath: "_includes",
      pageLoader: [AsyncFunction: text],
    },
    {
      dataLoader: [AsyncFunction: toml],
      engines: undefined,
      ext: ".toml",
      pageLoader: [AsyncFunction: toml],
    },
    {
      dataLoader: [AsyncFunction: yaml],
      engines: undefined,
      ext: ".yaml",
      pageLoader: [AsyncFunction: yaml],
    },
    {
      dataLoader: [AsyncFunction: yaml],
      engines: undefined,
      ext: ".yml",
      pageLoader: [AsyncFunction: yaml],
    },
  ],
}
`;

snapshot[`RSS plugin 2`] = `[]`;

snapshot[`RSS plugin 3`] = `
[
  {
    content: '{"version":"https://jsonfeed.org/version/1","title":"My RSS Feed","home_page_url":"https://example.com/","feed_url":"https://example.com/feed.json","description":"","items":[{"id":"https://example.com/pages/subpage/page7/","url":"https://example.com/pages/subpage/page7/","content_html":"Content of Page 7","date_published":"Sun, 02 Jan 2022 00:00:00 GMT"},{"id":"https://example.com/pages/page6/","url":"https://example.com/pages/page6/","title":"Page 6","content_html":"<p>Content of Page 6</p>\\
","date_published":"Sat, 01 Jan 2022 00:00:00 GMT"},{"id":"https://example.com/pages/page4/","url":"https://example.com/pages/page4/","title":"Page 4","content_html":"Content of Page 4 in Overrided site name, from the file /pages/2021-01-02-18-32_page4.tmpl.ts","date_published":"Sat, 02 Jan 2021 18:32:00 GMT"},{"id":"https://example.com/overrided-page2/","url":"https://example.com/overrided-page2/","title":"Page 2","content_html":"Content of Page 2","date_published":"Sun, 21 Jun 2020 00:00:00 GMT"}]}',
    data: {
      content: '{"version":"https://jsonfeed.org/version/1","title":"My RSS Feed","home_page_url":"https://example.com/","feed_url":"https://example.com/feed.json","description":"","items":[{"id":"https://example.com/pages/subpage/page7/","url":"https://example.com/pages/subpage/page7/","content_html":"Content of Page 7","date_published":"Sun, 02 Jan 2022 00:00:00 GMT"},{"id":"https://example.com/pages/page6/","url":"https://example.com/pages/page6/","title":"Page 6","content_html":"<p>Content of Page 6</p>\\
","date_published":"Sat, 01 Jan 2022 00:00:00 GMT"},{"id":"https://example.com/pages/page4/","url":"https://example.com/pages/page4/","title":"Page 4","content_html":"Content of Page 4 in Overrided site name, from the file /pages/2021-01-02-18-32_page4.tmpl.ts","date_published":"Sat, 02 Jan 2021 18:32:00 GMT"},{"id":"https://example.com/overrided-page2/","url":"https://example.com/overrided-page2/","title":"Page 2","content_html":"Content of Page 2","date_published":"Sun, 21 Jun 2020 00:00:00 GMT"}]}',
      page: [
        "src",
        "data",
      ],
      url: "feed.json",
    },
    src: {
      asset: true,
      ext: undefined,
      path: "",
      remote: undefined,
      slug: "feed",
    },
  },
  {
    content: '<?xml version="1.0" encoding="UTF-8"?>
' +
      '<rss xmlns:content="http://purl.org/rss/1.0/modules/content/" xmlns:wfw="http://wellformedweb.org/CommentAPI/" xmlns:dc="http://purl.org/dc/elements/1.1/" xmlns:atom="http://www.w3.org/2005/Atom" xmlns:sy="http://purl.org/rss/1.0/modules/syndication/" xmlns:slash="http://purl.org/rss/1.0/modules/slash/" version="2.0">
' +
      "  <channel>
" +
      "    <title>My RSS Feed</title>
" +
      "    <link>https://example.com/</link>
" +
      '    <atom:link href="https://example.com/feed.rss" rel="self" type="application/rss+xml"/>
' +
      "    <description></description>
" +
      "    <lastBuildDate>Wed, 01 Jan 2020 00:00:00 GMT</lastBuildDate>
" +
      "    <language>en</language>
" +
      "    <generator>https://lume.land</generator>
" +
      "    <item>
" +
      "      <title/>
" +
      "      <link>https://example.com/pages/subpage/page7/</link>
" +
      '      <guid isPermaLink="false">https://example.com/pages/subpage/page7/</guid>
' +
      "      <description/>
" +
      "      <content:encoded><![CDATA[Content of Page 7]]></content:encoded>
" +
      "      <pubDate>Sun, 02 Jan 2022 00:00:00 GMT</pubDate>
" +
      "    </item>
" +
      "    <item>
" +
      "      <title>Page 6</title>
" +
      "      <link>https://example.com/pages/page6/</link>
" +
      '      <guid isPermaLink="false">https://example.com/pages/page6/</guid>
' +
      "      <description/>
" +
      "      <content:encoded>
" +
      "        <![CDATA[<p>Content of Page 6</p>
" +
      "        ]]>
" +
      "      </content:encoded>
" +
      "      <pubDate>Sat, 01 Jan 2022 00:00:00 GMT</pubDate>
" +
      "    </item>
" +
      "    <item>
" +
      "      <title>Page 4</title>
" +
      "      <link>https://example.com/pages/page4/</link>
" +
      '      <guid isPermaLink="false">https://example.com/pages/page4/</guid>
' +
      "      <description/>
" +
      "      <content:encoded><![CDATA[Content of Page 4 in Overrided site name, from the file /pages/2021-01-02-18-32_page4.tmpl.ts]]></content:encoded>
" +
      "      <pubDate>Sat, 02 Jan 2021 18:32:00 GMT</pubDate>
" +
      "    </item>
" +
      "    <item>
" +
      "      <title>Page 2</title>
" +
      "      <link>https://example.com/overrided-page2/</link>
" +
      '      <guid isPermaLink="false">https://example.com/overrided-page2/</guid>
' +
      "      <description/>
" +
      "      <content:encoded><![CDATA[Content of Page 2]]></content:encoded>
" +
      "      <pubDate>Sun, 21 Jun 2020 00:00:00 GMT</pubDate>
" +
      "    </item>
" +
      "  </channel>
" +
      "</rss>",
    data: {
      content: '<?xml version="1.0" encoding="UTF-8"?>
' +
        '<rss xmlns:content="http://purl.org/rss/1.0/modules/content/" xmlns:wfw="http://wellformedweb.org/CommentAPI/" xmlns:dc="http://purl.org/dc/elements/1.1/" xmlns:atom="http://www.w3.org/2005/Atom" xmlns:sy="http://purl.org/rss/1.0/modules/syndication/" xmlns:slash="http://purl.org/rss/1.0/modules/slash/" version="2.0">
' +
        "  <channel>
" +
        "    <title>My RSS Feed</title>
" +
        "    <link>https://example.com/</link>
" +
        '    <atom:link href="https://example.com/feed.rss" rel="self" type="application/rss+xml"/>
' +
        "    <description></description>
" +
        "    <lastBuildDate>Wed, 01 Jan 2020 00:00:00 GMT</lastBuildDate>
" +
        "    <language>en</language>
" +
        "    <generator>https://lume.land</generator>
" +
        "    <item>
" +
        "      <title/>
" +
        "      <link>https://example.com/pages/subpage/page7/</link>
" +
        '      <guid isPermaLink="false">https://example.com/pages/subpage/page7/</guid>
' +
        "      <description/>
" +
        "      <content:encoded><![CDATA[Content of Page 7]]></content:encoded>
" +
        "      <pubDate>Sun, 02 Jan 2022 00:00:00 GMT</pubDate>
" +
        "    </item>
" +
        "    <item>
" +
        "      <title>Page 6</title>
" +
        "      <link>https://example.com/pages/page6/</link>
" +
        '      <guid isPermaLink="false">https://example.com/pages/page6/</guid>
' +
        "      <description/>
" +
        "      <content:encoded>
" +
        "        <![CDATA[<p>Content of Page 6</p>
" +
        "        ]]>
" +
        "      </content:encoded>
" +
        "      <pubDate>Sat, 01 Jan 2022 00:00:00 GMT</pubDate>
" +
        "    </item>
" +
        "    <item>
" +
        "      <title>Page 4</title>
" +
        "      <link>https://example.com/pages/page4/</link>
" +
        '      <guid isPermaLink="false">https://example.com/pages/page4/</guid>
' +
        "      <description/>
" +
        "      <content:encoded><![CDATA[Content of Page 4 in Overrided site name, from the file /pages/2021-01-02-18-32_page4.tmpl.ts]]></content:encoded>
" +
        "      <pubDate>Sat, 02 Jan 2021 18:32:00 GMT</pubDate>
" +
        "    </item>
" +
        "    <item>
" +
        "      <title>Page 2</title>
" +
        "      <link>https://example.com/overrided-page2/</link>
" +
        '      <guid isPermaLink="false">https://example.com/overrided-page2/</guid>
' +
        "      <description/>
" +
        "      <content:encoded><![CDATA[Content of Page 2]]></content:encoded>
" +
        "      <pubDate>Sun, 21 Jun 2020 00:00:00 GMT</pubDate>
" +
        "    </item>
" +
        "  </channel>
" +
        "</rss>",
      page: [
        "src",
        "data",
      ],
      url: "feed.rss",
    },
    src: {
      asset: true,
      ext: undefined,
      path: "",
      remote: undefined,
      slug: "feed",
    },
  },
  {
    content: "<!DOCTYPE html>
Content of Page 5",
    data: {
      children: "Content of Page 5",
      content: "Content of Page 5",
      date: [],
      imagick: "Array(1)",
      mergedKeys: [
        "tags",
        "metas",
        "imagick",
      ],
      metas: [
        "title",
        "description",
      ],
      page: [
        "src",
        "data",
      ],
      paginate: "paginate",
      search: [],
      site: "Default site name",
      tags: "Array(0)",
      title: "Page 5",
      url: "/page5/",
    },
    src: {
      asset: undefined,
      ext: ".yaml",
      path: "/page5",
      remote: undefined,
      slug: "page5",
    },
  },
  {
    content: "<!DOCTYPE html>
Content of Page 2",
    data: {
      children: "Content of Page 2",
      colors: "Array(3)",
      content: "Content of Page 2",
      date: [],
      documents: "Array(3)",
      drinks: [
        "alcoholic",
        "others",
      ],
      imagick: "Array(1)",
      mergedKeys: [
        "tags",
        "metas",
        "imagick",
      ],
      metas: [
        "title",
        "description",
      ],
      names: "Array(2)",
      page: [
        "src",
        "data",
      ],
      paginate: "paginate",
      search: [],
      site: "Folder overrided site name",
      tags: "Array(1)",
      title: "Page 2",
      url: "/overrided-page2/",
    },
    src: {
      asset: undefined,
      ext: ".tmpl.json",
      path: "/pages/2020-06-21_page2",
      remote: undefined,
      slug: "page2",
    },
  },
  {
    content: "<!DOCTYPE html>
" +
      "Content of Page 4 in Overrided site name, from the file /pages/2021-01-02-18-32_page4.tmpl.ts",
    data: {
      children: "Content of Page 4 in Overrided site name, from the file /pages/2021-01-02-18-32_page4.tmpl.ts",
      colors: "Array(3)",
      content: "default",
      date: [],
      documents: "Array(3)",
      drinks: [
        "alcoholic",
        "others",
      ],
      imagick: "Array(1)",
      mergedKeys: [
        "tags",
        "metas",
        "imagick",
      ],
      metas: [
        "title",
        "description",
      ],
      names: "Array(2)",
      page: [
        "src",
        "data",
      ],
      paginate: "paginate",
      search: [],
      site: "Overrided site name",
      tags: "Array(1)",
      title: "Page 4",
      url: "/pages/page4/",
    },
    src: {
      asset: undefined,
      ext: ".tmpl.ts",
      path: "/pages/2021-01-02-18-32_page4",
      remote: undefined,
      slug: "page4",
    },
  },
  {
    content: "<!DOCTYPE html>
<p>Content of Page 6</p>
",
    data: {
      children: "<p>Content of Page 6</p>
",
      colors: "Array(3)",
      content: "Content of Page 6
",
      date: [],
      documents: "Array(3)",
      drinks: [
        "alcoholic",
        "others",
      ],
      imagick: "Array(1)",
      mergedKeys: [
        "tags",
        "metas",
        "imagick",
      ],
      metas: [
        "title",
        "description",
      ],
      names: "Array(2)",
      page: [
        "src",
        "data",
      ],
      paginate: "paginate",
      search: [],
      site: "Folder overrided site name",
      tags: "Array(2)",
      title: "Page 6",
      url: "/pages/page6/",
    },
    src: {
      asset: undefined,
      ext: ".md",
      path: "/pages/2021-12-29-page6",
      remote: undefined,
      slug: "page6",
    },
  },
  {
    content: "Content of Page 3",
    data: {
      children: "Content of Page 3",
      colors: "Array(3)",
      content: "Content of Page 3",
      date: [],
      documents: "Array(3)",
      drinks: [
        "alcoholic",
        "others",
      ],
      imagick: "Array(1)",
      mergedKeys: [
        "tags",
        "metas",
        "imagick",
      ],
      metas: [
        "title",
        "description",
      ],
      names: "Array(2)",
      page: [
        "src",
        "data",
      ],
      paginate: "paginate",
      search: [],
      site: "Folder overrided site name",
      tags: "Array(1)",
      title: "Page 3",
      url: "/page_3",
    },
    src: {
      asset: undefined,
      ext: ".tmpl.js",
      path: "/pages/page3",
      remote: undefined,
      slug: "page3",
    },
  },
  {
    content: "<!DOCTYPE html>
Content of Page 7",
    data: {
      children: "Content of Page 7",
      colors: "Array(3)",
      content: "Content of Page 7",
      date: [],
      documents: "Array(3)",
      drinks: [
        "alcoholic",
        "others",
      ],
      imagick: "Array(1)",
      mergedKeys: [
        "tags",
        "metas",
        "imagick",
      ],
      metas: [
        "title",
        "description",
      ],
      names: "Array(2)",
      page: [
        "src",
        "data",
      ],
      paginate: "paginate",
      search: [],
      site: "Folder overrided site name",
      tags: "Array(3)",
      url: "/pages/subpage/page7/",
    },
    src: {
      asset: undefined,
      ext: ".tmpl.js",
      path: "/pages/subpage/page7",
      remote: undefined,
      slug: "page7",
    },
  },
]
`;
