export const snapshot = {};

snapshot[`code_hightlight plugin 1`] = `2`;

snapshot[`code_hightlight plugin 2`] = `
{
  formats: [
    {
      component: undefined,
      data: undefined,
      includesPath: undefined,
      key: ".tmpl.ts",
      loader: [AsyncFunction: module],
      page: true,
      removeExtension: true,
    },
    {
      component: undefined,
      data: undefined,
      includesPath: undefined,
      key: ".tmpl.js",
      loader: [AsyncFunction: module],
      page: true,
      removeExtension: true,
    },
    {
      component: undefined,
      data: undefined,
      includesPath: undefined,
      key: ".tmpl.json",
      loader: [AsyncFunction: json],
      page: true,
      removeExtension: true,
    },
    {
      component: undefined,
      data: true,
      includesPath: undefined,
      key: ".json",
      loader: [AsyncFunction: json],
      page: undefined,
      removeExtension: undefined,
    },
    {
      component: undefined,
      data: undefined,
      includesPath: undefined,
      key: ".md",
      loader: [AsyncFunction: text],
      page: true,
      removeExtension: true,
    },
    {
      component: true,
      data: true,
      includesPath: undefined,
      key: ".js",
      loader: [AsyncFunction: module],
      page: undefined,
      removeExtension: undefined,
    },
    {
      component: true,
      data: true,
      includesPath: undefined,
      key: ".ts",
      loader: [AsyncFunction: module],
      page: undefined,
      removeExtension: undefined,
    },
    {
      component: true,
      data: undefined,
      includesPath: "_includes",
      key: ".njk",
      loader: [AsyncFunction: text],
      page: true,
      removeExtension: true,
    },
    {
      component: undefined,
      data: true,
      includesPath: undefined,
      key: ".yaml",
      loader: [AsyncFunction: yaml],
      page: true,
      removeExtension: true,
    },
    {
      component: undefined,
      data: true,
      includesPath: undefined,
      key: ".yml",
      loader: [AsyncFunction: yaml],
      page: true,
      removeExtension: true,
    },
  ],
}
`;

snapshot[`code_hightlight plugin 3`] = `
[
]
`;

snapshot[`code_hightlight plugin 4`] = `
{
  content: "backend:
  name: git-gateway
  branch: master
media_folder: img
public_folder: /img
site_url: 'https://example.com/'
local_backend: false
",
  data: {
    content: "backend:
  name: git-gateway
  branch: master
media_folder: img
public_folder: /img
site_url: 'https://example.com/'
local_backend: false
",
    tags: [
    ],
    url: "/admin/config.yml",
  },
  dest: {
    ext: ".yml",
    path: "/admin/config",
  },
  src: {
    ext: undefined,
    path: "",
  },
}
`;

snapshot[`code_hightlight plugin 5`] = `
{
  content: '
        <!DOCTYPE html>
        <html lang="en">
        <head>
          <meta charset="UTF-8">
          <meta name="viewport" content="width=device-width, initial-scale=1.0">
          <title>Admin</title>
        </head>
        <body>
        <link href="/admin/config.yml" type="text/yaml" rel="cms-config-url"><script src="https://unpkg.com/netlify-cms@^2.0.0/dist/netlify-cms.js"></script>
        </body>
        </html>
        ',
  data: {
    content: '
        <!DOCTYPE html>
        <html lang="en">
        <head>
          <meta charset="UTF-8">
          <meta name="viewport" content="width=device-width, initial-scale=1.0">
          <title>Admin</title>
        </head>
        <body>
        <link href="/admin/config.yml" type="text/yaml" rel="cms-config-url"><script src="https://unpkg.com/netlify-cms@^2.0.0/dist/netlify-cms.js"></script>
        </body>
        </html>
        ',
    tags: [
    ],
    url: "/admin/",
  },
  dest: {
    ext: ".html",
    path: "/admin/index",
  },
  src: {
    ext: undefined,
    path: "",
  },
}
`;
