export const snapshot = {};

snapshot[`build a site with nunjucks 1`] = `
{
  formats: [
    {
      engines: 1,
      ext: ".tmpl.ts",
      pageLoader: [AsyncFunction: module],
    },
    {
      engines: 1,
      ext: ".tmpl.js",
      pageLoader: [AsyncFunction: module],
    },
    {
      engines: undefined,
      ext: ".tmpl.jsonc",
      pageLoader: [AsyncFunction: json],
    },
    {
      engines: undefined,
      ext: ".tmpl.json",
      pageLoader: [AsyncFunction: json],
    },
    {
      dataLoader: [AsyncFunction: json],
      engines: undefined,
      ext: ".json",
    },
    {
      dataLoader: [AsyncFunction: json],
      engines: undefined,
      ext: ".jsonc",
    },
    {
      engines: 1,
      ext: ".md",
      pageLoader: [AsyncFunction: text],
    },
    {
      engines: 1,
      ext: ".markdown",
      pageLoader: [AsyncFunction: text],
    },
    {
      componentLoader: [AsyncFunction: module],
      dataLoader: [AsyncFunction: module],
      engines: 1,
      ext: ".js",
    },
    {
      componentLoader: [AsyncFunction: module],
      dataLoader: [AsyncFunction: module],
      engines: 1,
      ext: ".ts",
    },
    {
      componentLoader: [AsyncFunction: text],
      engines: 1,
      ext: ".njk",
      includesPath: "_includes",
      pageLoader: [AsyncFunction: text],
    },
    {
      dataLoader: [AsyncFunction: toml],
      engines: undefined,
      ext: ".toml",
      pageLoader: [AsyncFunction: toml],
    },
    {
      dataLoader: [AsyncFunction: yaml],
      engines: undefined,
      ext: ".yaml",
      pageLoader: [AsyncFunction: yaml],
    },
    {
      dataLoader: [AsyncFunction: yaml],
      engines: undefined,
      ext: ".yml",
      pageLoader: [AsyncFunction: yaml],
    },
  ],
  src: [
    "/",
    "/_components",
    "/_components/Button.ts",
    "/_components/icon",
    "/_components/icon/User.njk",
    "/_data.yml",
    "/_includes",
    "/_includes/basic.njk",
    "/_includes/partial.njk",
    "/components.njk",
    "/data.njk",
    "/empty.njk",
    "/index.njk",
    "/njk-filter.tmpl.js",
    "/with-helpers.njk",
  ],
}
`;

snapshot[`build a site with nunjucks 2`] = `[]`;

snapshot[`build a site with nunjucks 3`] = `
[
  {
    content: "
" +
      "button {
" +
      "  background-color: blue;
" +
      "}
" +
      "
" +
      "icon {
" +
      "  width: 48px;
" +
      "  height: 48px;
" +
      "}
",
    data: {
      content: "
" +
        "button {
" +
        "  background-color: blue;
" +
        "}
" +
        "
" +
        "icon {
" +
        "  width: 48px;
" +
        "  height: 48px;
" +
        "}
",
      page: [
        "src",
        "data",
      ],
      url: "/components.css",
    },
    src: {
      asset: true,
      ext: undefined,
      path: "",
      remote: undefined,
      slug: "components",
    },
  },
  {
    content: "
" +
      'document.querySelectorAll("button").forEach(button => {
' +
      '  button.addEventListener("click", () => {
' +
      '    alert("Hello world!");
' +
      "  });
" +
      "});
" +
      "
" +
      'console.log("Hello world, from the icon/User component");
',
    data: {
      content: "
" +
        'document.querySelectorAll("button").forEach(button => {
' +
        '  button.addEventListener("click", () => {
' +
        '    alert("Hello world!");
' +
        "  });
" +
        "});
" +
        "
" +
        'console.log("Hello world, from the icon/User component");
',
      page: [
        "src",
        "data",
      ],
      url: "/components.js",
    },
    src: {
      asset: true,
      ext: undefined,
      path: "",
      remote: undefined,
      slug: "components",
    },
  },
  {
    content: "<!DOCTYPE html>
" +
      "
" +
      '<html lang="en">
' +
      "  <head>
" +
      '    <meta charset="utf-8">
' +
      "    <title></title>
" +
      "  </head>
" +
      "  <body>
" +
      '    <main><button class="" type="button">
' +
      "  button without arguments
" +
      "</button>
" +
      "
" +
      '<button class="" type="button">button content</button>
' +
      '<icon name="John">
' +
      "  this is John
" +
      "</icon>
" +
      "
" +
      "
" +
      '<button class="my-button" type="button">
' +
      "  button content
" +
      "
" +
      '  <icon name="John">
' +
      "  
" +
      "  this is John
" +
      "  
" +
      "</icon>
" +
      "
" +
      "</button>
" +
      "</main>
" +
      "  </body>
" +
      "</html>
",
    data: {
      children: '<button class="" type="button">
' +
        "  button without arguments
" +
        "</button>
" +
        "
" +
        '<button class="" type="button">button content</button>
' +
        '<icon name="John">
' +
        "  this is John
" +
        "</icon>
" +
        "
" +
        "
" +
        '<button class="my-button" type="button">
' +
        "  button content
" +
        "
" +
        '  <icon name="John">
' +
        "  
" +
        "  this is John
" +
        "  
" +
        "</icon>
" +
        "
" +
        "</button>
",
      comp: [
        "_components",
        "_proxies",
      ],
      content: '{% comp "Button" %}
' +
        "  button without arguments
" +
        "{% endcomp %}
" +
        "
" +
        '{{ comp.Button({ content: "button content" }) | safe }}
' +
        '{{ comp.icon.User({ content: "this is John", name:"John" }) | safe }}
' +
        "
" +
        '{% comp "Button", className="my-button" %}
' +
        "  button content
" +
        "
" +
        '  {% comp "icon.user", name="John" %}
' +
        "  this is John
" +
        "  {% endcomp %}
" +
        "{% endcomp %}
",
      date: [],
      layout: "basic.njk",
      mergedKeys: [
        "tags",
      ],
      page: [
        "src",
        "data",
      ],
      paginate: "paginate",
      search: [],
      tags: "Array(0)",
      url: "/components/",
    },
    src: {
      asset: undefined,
      ext: ".njk",
      path: "/components",
      remote: undefined,
      slug: "components",
    },
  },
  {
    content: '["red","green","blue"]
',
    data: {
      colors: "Array(3)",
      comp: [
        "_components",
        "_proxies",
      ],
      content: "{{ colors | dump | safe }}
",
      date: [],
      layout: null,
      mergedKeys: [
        "tags",
      ],
      page: [
        "src",
        "data",
      ],
      paginate: "paginate",
      search: [],
      tags: "Array(0)",
      url: "/data.json",
    },
    src: {
      asset: undefined,
      ext: ".njk",
      path: "/data",
      remote: undefined,
      slug: "data",
    },
  },
  {
    content: "<!DOCTYPE html>
" +
      "
" +
      '<html lang="en">
' +
      "  <head>
" +
      '    <meta charset="utf-8">
' +
      "    <title>Hello World</title>
" +
      "  </head>
" +
      "  <body>
" +
      "    <main><h1>Hello World</h1>
" +
      "</main>
" +
      "  </body>
" +
      "</html>
",
    data: {
      children: "<h1>Hello World</h1>
",
      comp: [
        "_components",
        "_proxies",
      ],
      content: "<h1>{{ title }}</h1>
",
      date: [],
      layout: "./_includes/basic.njk",
      mergedKeys: [
        "tags",
      ],
      page: [
        "src",
        "data",
      ],
      paginate: "paginate",
      search: [],
      tags: "Array(0)",
      title: "Hello World",
      url: "/",
    },
    src: {
      asset: undefined,
      ext: ".njk",
      path: "/index",
      remote: undefined,
      slug: "index",
    },
  },
  {
    content: "<!DOCTYPE html>
" +
      "
" +
      '<html lang="en">
' +
      "  <head>
" +
      '    <meta charset="utf-8">
' +
      "    <title>njk filter example</title>
" +
      "  </head>
" +
      "  <body>
" +
      "    <main><h1>NJK FILTER EXAMPLE</h1></main>
" +
      "  </body>
" +
      "</html>
",
    data: {
      children: "<h1>NJK FILTER EXAMPLE</h1>",
      comp: [
        "_components",
        "_proxies",
      ],
      content: "default",
      date: [],
      layout: "basic.njk",
      mergedKeys: [
        "tags",
      ],
      page: [
        "src",
        "data",
      ],
      paginate: "paginate",
      search: [],
      tags: "Array(0)",
      title: "njk filter example",
      url: "/njk-filter/",
    },
    src: {
      asset: undefined,
      ext: ".tmpl.js",
      path: "/njk-filter",
      remote: undefined,
      slug: "njk-filter",
    },
  },
  {
    content: "<!DOCTYPE html>
" +
      "
" +
      '<html lang="en">
' +
      "  <head>
" +
      '    <meta charset="utf-8">
' +
      "    <title>The title</title>
" +
      "  </head>
" +
      "  <body>
" +
      "    <main><p><strong>THE TITLE</strong></p>
" +
      "<p><strong>THE TITLE</strong></p>
" +
      "<p><strong>THE TITLE</strong></p>
" +
      "<p><strong>THE TITLE</strong></p>
" +
      "<p><strong>THE TITLE</strong></p>
" +
      "<p><strong>THE TITLE</strong></p>
" +
      "<p><strong>THE TITLE</strong></p>
" +
      "<p><strong>THE TITLE</strong></p>
" +
      "<div>hello (async)</div>
" +
      "
" +
      "<ul>
" +
      "  <li>This is a partial</li>
" +
      "  <li>async helper in a partial (async)</li>
" +
      "</ul>
" +
      "<ul>
" +
      "  <li>This is a partial</li>
" +
      "  <li>async helper in a partial (async)</li>
" +
      "</ul>
" +
      "</main>
" +
      "  </body>
" +
      "</html>
",
    data: {
      children: "<p><strong>THE TITLE</strong></p>
" +
        "<p><strong>THE TITLE</strong></p>
" +
        "<p><strong>THE TITLE</strong></p>
" +
        "<p><strong>THE TITLE</strong></p>
" +
        "<p><strong>THE TITLE</strong></p>
" +
        "<p><strong>THE TITLE</strong></p>
" +
        "<p><strong>THE TITLE</strong></p>
" +
        "<p><strong>THE TITLE</strong></p>
" +
        "<div>hello (async)</div>
" +
        "
" +
        "<ul>
" +
        "  <li>This is a partial</li>
" +
        "  <li>async helper in a partial (async)</li>
" +
        "</ul>
" +
        "<ul>
" +
        "  <li>This is a partial</li>
" +
        "  <li>async helper in a partial (async)</li>
" +
        "</ul>
",
      comp: [
        "_components",
        "_proxies",
      ],
      content: "<p>{% upperCase title %}</p>
" +
        '<p>{% upperCase "The title" %}</p>
' +
        "<p>{% upperCaseAsync title %}</p>
" +
        '<p>{% upperCaseAsync "The title" %}</p>
' +
        "<p>{% upperCaseBody %}The title{% endupperCaseBody %}</p>
" +
        "<p>{% upperCaseBody %}{{ title }}{% endupperCaseBody %}</p>
" +
        "<p>{% upperCaseBodyAsync %}The title{% endupperCaseBodyAsync %}</p>
" +
        "<p>{% upperCaseBodyAsync %}{{ title }}{% endupperCaseBodyAsync %}</p>
" +
        '<div>{{ "hello" | returnAsync }}</div>
' +
        "
" +
        '{% include "partial.njk" %}
' +
        '{% include "./_includes/partial.njk" %}
',
      date: [],
      layout: "basic.njk",
      mergedKeys: [
        "tags",
      ],
      page: [
        "src",
        "data",
      ],
      paginate: "paginate",
      search: [],
      tags: "Array(0)",
      title: "The title",
      url: "/with-helpers/",
    },
    src: {
      asset: undefined,
      ext: ".njk",
      path: "/with-helpers",
      remote: undefined,
      slug: "with-helpers",
    },
  },
]
`;
