export const snapshot = {};

snapshot[`Pagefind plugin 1`] = `
{
  formats: [
    {
      engines: 1,
      ext: ".tmpl.ts",
      pageLoader: [AsyncFunction: module],
    },
    {
      engines: 1,
      ext: ".tmpl.js",
      pageLoader: [AsyncFunction: module],
    },
    {
      engines: undefined,
      ext: ".tmpl.jsonc",
      pageLoader: [AsyncFunction: json],
    },
    {
      engines: undefined,
      ext: ".tmpl.json",
      pageLoader: [AsyncFunction: json],
    },
    {
      dataLoader: [AsyncFunction: json],
      engines: undefined,
      ext: ".json",
    },
    {
      dataLoader: [AsyncFunction: json],
      engines: undefined,
      ext: ".jsonc",
    },
    {
      engines: 1,
      ext: ".md",
      pageLoader: [AsyncFunction: text],
    },
    {
      engines: 1,
      ext: ".markdown",
      pageLoader: [AsyncFunction: text],
    },
    {
      componentLoader: [AsyncFunction: module],
      dataLoader: [AsyncFunction: module],
      engines: 1,
      ext: ".js",
    },
    {
      componentLoader: [AsyncFunction: module],
      dataLoader: [AsyncFunction: module],
      engines: 1,
      ext: ".ts",
    },
    {
      componentLoader: [AsyncFunction: text],
      engines: 1,
      ext: ".njk",
      includesPath: "_includes",
      pageLoader: [AsyncFunction: text],
    },
    {
      dataLoader: [AsyncFunction: yaml],
      engines: undefined,
      ext: ".yaml",
      pageLoader: [AsyncFunction: yaml],
    },
    {
      dataLoader: [AsyncFunction: yaml],
      engines: undefined,
      ext: ".yml",
      pageLoader: [AsyncFunction: yaml],
    },
  ],
  src: [
    "/",
    "/_includes",
    "/_includes/main.njk",
    "/index.md",
    "/page2.md",
  ],
}
`;

snapshot[`Pagefind plugin 2`] = `[]`;

snapshot[`Pagefind plugin 3`] = `
[
  {
    content: "Uint8Array(168)",
    data: {
      content: "Uint8Array(168)",
      page: [
        "src",
        "data",
      ],
      url: "/pagefind/fragment/en_48f6619.pf_fragment",
    },
    src: {
      asset: true,
      ext: undefined,
      path: "",
      remote: undefined,
      slug: "en_48f6619",
    },
  },
  {
    content: "Uint8Array(170)",
    data: {
      content: "Uint8Array(170)",
      page: [
        "src",
        "data",
      ],
      url: "/pagefind/fragment/en_7c1ec25.pf_fragment",
    },
    src: {
      asset: true,
      ext: undefined,
      path: "",
      remote: undefined,
      slug: "en_7c1ec25",
    },
  },
  {
    content: "Uint8Array(133)",
    data: {
      content: "Uint8Array(133)",
      page: [
        "src",
        "data",
      ],
      url: "/pagefind/index/en_8a7583c.pf_index",
    },
    src: {
      asset: true,
      ext: undefined,
      path: "",
      remote: undefined,
      slug: "en_8a7583c",
    },
  },
  {
    content: "Uint8Array(90)",
    data: {
      content: "Uint8Array(90)",
      page: [
        "src",
        "data",
      ],
      url: "/pagefind/pagefind-entry.json",
    },
    src: {
      asset: true,
      ext: undefined,
      path: "",
      remote: undefined,
      slug: "pagefind-entry",
    },
  },
  {
    content: "Uint8Array(7336)",
    data: {
      content: "Uint8Array(7336)",
      page: [
        "src",
        "data",
      ],
      url: "/pagefind/pagefind-modular-ui.css",
    },
    src: {
      asset: true,
      ext: undefined,
      path: "",
      remote: undefined,
      slug: "pagefind-modular-ui",
    },
  },
  {
    content: "Uint8Array(14286)",
    data: {
      content: "Uint8Array(14286)",
      page: [
        "src",
        "data",
      ],
      url: "/pagefind/pagefind-modular-ui.js",
    },
    src: {
      asset: true,
      ext: undefined,
      path: "",
      remote: undefined,
      slug: "pagefind-modular-ui",
    },
  },
  {
    content: "Uint8Array(14500)",
    data: {
      content: "Uint8Array(14500)",
      page: [
        "src",
        "data",
      ],
      url: "/pagefind/pagefind-ui.css",
    },
    src: {
      asset: true,
      ext: undefined,
      path: "",
      remote: undefined,
      slug: "pagefind-ui",
    },
  },
  {
    content: "Uint8Array(59522)",
    data: {
      content: "Uint8Array(59522)",
      page: [
        "src",
        "data",
      ],
      url: "/pagefind/pagefind-ui.js",
    },
    src: {
      asset: true,
      ext: undefined,
      path: "",
      remote: undefined,
      slug: "pagefind-ui",
    },
  },
  {
    content: "Uint8Array(96)",
    data: {
      content: "Uint8Array(96)",
      page: [
        "src",
        "data",
      ],
      url: "/pagefind/pagefind.en_326c62ddd4.pf_meta",
    },
    src: {
      asset: true,
      ext: undefined,
      path: "",
      remote: undefined,
      slug: "pagefind",
    },
  },
  {
    content: "Uint8Array(30414)",
    data: {
      content: "Uint8Array(30414)",
      page: [
        "src",
        "data",
      ],
      url: "/pagefind/pagefind.js",
    },
    src: {
      asset: true,
      ext: undefined,
      path: "",
      remote: undefined,
      slug: "pagefind",
    },
  },
  {
    content: "Uint8Array(60537)",
    data: {
      content: "Uint8Array(60537)",
      page: [
        "src",
        "data",
      ],
      url: "/pagefind/wasm.en.pagefind",
    },
    src: {
      asset: true,
      ext: undefined,
      path: "",
      remote: undefined,
      slug: "wasm",
    },
  },
  {
    content: "Uint8Array(55977)",
    data: {
      content: "Uint8Array(55977)",
      page: [
        "src",
        "data",
      ],
      url: "/pagefind/wasm.unknown.pagefind",
    },
    src: {
      asset: true,
      ext: undefined,
      path: "",
      remote: undefined,
      slug: "wasm",
    },
  },
  {
    content: \`<!DOCTYPE html>
<html lang="en"><head>
  <meta charset="UTF-8">
  <meta http-equiv="X-UA-Compatible" content="IE=edge">
  <meta name="viewport" content="width=device-width, initial-scale=1.0">
  <title>First page</title>
<link rel="stylesheet" href="/pagefind/pagefind-ui.css"><script type="text/javascript" src="/pagefind/pagefind-ui.js"></script><script type="text/javascript">window.addEventListener('DOMContentLoaded', () => { new PagefindUI({"element":"#search","showImages":false,"showEmptyFilters":true,"resetStyles":true,"bundlePath":"/pagefind/","baseUrl":"/"}); });</script></head>
<body>
  <div id="search"></div>
  <h1>Hello world</h1>
<p>This is the first page</p>



</body></html>\`,
    data: {
      children: "<h1>Hello world</h1>
<p>This is the first page</p>
",
      content: "# Hello world

This is the first page
",
      date: [],
      layout: "main.njk",
      mergedKeys: [
        "tags",
      ],
      page: [
        "src",
        "data",
      ],
      paginate: "paginate",
      search: [],
      tags: "Array(0)",
      title: "First page",
      url: "/",
    },
    src: {
      asset: undefined,
      ext: ".md",
      path: "/index",
      remote: undefined,
      slug: "index",
    },
  },
  {
    content: \`<!DOCTYPE html>
<html lang="en"><head>
  <meta charset="UTF-8">
  <meta http-equiv="X-UA-Compatible" content="IE=edge">
  <meta name="viewport" content="width=device-width, initial-scale=1.0">
  <title>Second page</title>
<link rel="stylesheet" href="/pagefind/pagefind-ui.css"><script type="text/javascript" src="/pagefind/pagefind-ui.js"></script><script type="text/javascript">window.addEventListener('DOMContentLoaded', () => { new PagefindUI({"element":"#search","showImages":false,"showEmptyFilters":true,"resetStyles":true,"bundlePath":"/pagefind/","baseUrl":"/"}); });</script></head>
<body>
  <div id="search"></div>
  <h1>Other page</h1>
<p>This is the second page</p>



</body></html>\`,
    data: {
      children: "<h1>Other page</h1>
<p>This is the second page</p>
",
      content: "# Other page

This is the second page
",
      date: [],
      layout: "main.njk",
      mergedKeys: [
        "tags",
      ],
      page: [
        "src",
        "data",
      ],
      paginate: "paginate",
      search: [],
      tags: "Array(0)",
      title: "Second page",
      url: "/page2/",
    },
    src: {
      asset: undefined,
      ext: ".md",
      path: "/page2",
      remote: undefined,
      slug: "page2",
    },
  },
]
`;
